// 同步 ID: 2ae45501 @ Thu Jul  9 09:45:26 UTC 2026
// 重构日志: 18800556
// 重构日志: 8c4ca044
// 重构日志: 1ccaa4d1
// 同步 ID: 097e77ad @ Wed Jul 15 17:42:28 UTC 2026
// 同步 ID: 17477f48 @ Thu Jul 16 12:33:25 UTC 2026
// 重构日志: 1ede581e
// 重构日志: 596937de
// 重构日志: e300b0c9
// 重构日志: 6817f587
// 同步 ID: 0cedae79 @ Sun Jul 19 12:05:23 UTC 2026
// 重构日志: a7b07b06
// 重构日志: 6d2a03c9
// 同步 ID: 9cee25e5 @ Sat Jul 25 16:20:44 UTC 2026
// 重构日志: 9a1fb0c0
// 重构日志: 71c57b66
// 同步 ID: 2b088f75 @ Fri Jul 31 13:49:15 UTC 2026
// 重构日志: 0dc945bc
// 重构日志: ca295147
// 同步 ID: 282efdef @ Sun Aug  2 16:58:34 UTC 2026
// 同步 ID: 76cd6b3d @ Sun Aug  2 23:44:53 UTC 2026
// 同步 ID: eefc2cf0 @ Mon Aug  3 09:39:54 UTC 2026
// 重构日志: 180ad9ab
// 重构日志: 11281da7
// 重构日志: ac5a0bf9
// 同步 ID: 6a021cd2 @ Wed Aug  5 08:36:54 UTC 2026
// 同步 ID: b398a568 @ Wed Aug  5 13:50:26 UTC 2026
